[    0.000000] Initializing cgroup subsys cpuset
[    0.000000] Initializing cgroup subsys cpu
[    0.000000] Initializing cgroup subsys cpuacct
[    0.000000] Linux version 4.4.0-127-generic (buildd@lcy01-amd64-023) (gcc version 5.4.0 20160609 (Ubuntu 5.4.0-6ubuntu1~16.04.9) ) #153-Ubuntu SMP Sat May 19 10:58:46 UTC 2018 (Ubuntu 4.4.0-127.153-generic 4.4.128)
[    0.000000] Command line: BOOT_IMAGE=/boot/vmlinuz-4.4.0-127-generic root=LABEL=cloudimg-rootfs ro console=tty1 console=ttyS0
[    0.000000] KERNEL supported cpus:
[    0.000000]   Intel GenuineIntel
[    0.000000]   AMD AuthenticAMD
[    0.000000]   Centaur CentaurHauls
[    0.000000] x86/fpu: xstate_offset[2]:  576, xstate_sizes[2]:  256
[    0.000000] x86/fpu: Supporting XSAVE feature 0x01: 'x87 floating point registers'
[    0.000000] x86/fpu: Supporting XSAVE feature 0x02: 'SSE registers'
[    0.000000] x86/fpu: Supporting XSAVE feature 0x04: 'AVX registers'
[    0.000000] x86/fpu: Enabled xstate features 0x7, context size is 832 bytes, using 'standard' format.
[    0.000000] x86/fpu: Using 'lazy' FPU context switches.
[    0.000000] e820: BIOS-provided physical RAM map:
[    0.000000] BIOS-e820: [mem 0x0000000000000000-0x000000000009fbff] usable
[    0.000000] BIOS-e820: [mem 0x000000000009fc00-0x000000000009ffff] reserved
[    0.000000] BIOS-e820: [mem 0x00000000000f0000-0x00000000000fffff] reserved
[    0.000000] BIOS-e820: [mem 0x0000000000100000-0x000000007e7effff] usable
[    0.000000] BIOS-e820: [mem 0x000000007e7f0000-0x000000007e7fffff] ACPI data
[    0.000000] BIOS-e820: [mem 0x00000000fec00000-0x00000000fec00fff] reserved
[    0.000000] BIOS-e820: [mem 0x00000000fee00000-0x00000000fee00fff] reserved
[    0.000000] BIOS-e820: [mem 0x00000000fffc0000-0x00000000ffffffff] reserved
[    0.000000] NX (Execute Disable) protection: active
[    0.000000] SMBIOS 2.5 present.
[    0.000000] Hypervisor detected: KVM
[    0.000000] e820: last_pfn = 0x7e7f0 max_arch_pfn = 0x400000000
[    0.000000] MTRR: Disabled
[    0.000000] x86/PAT: MTRRs disabled, skipping PAT initialization too.
[    0.000000] CPU MTRRs all blank - virtualized system.
[    0.000000] x86/PAT: Configuration [0-7]: WB  WT  UC- UC  WB  WT  UC- UC  
[    0.000000] found SMP MP-table at [mem 0x0009fff0-0x0009ffff] mapped at [ffff88000009fff0]
[    0.000000] Scanning 1 areas for low memory corruption
[    0.000000] RAMDISK: [mem 0x36aa0000-0x37547fff]
[    0.000000] ACPI: Early table checksum verification disabled
[    0.000000] ACPI: RSDP 0x00000000000E0000 000024 (v02 VBOX  )
[    0.000000] ACPI: XSDT 0x000000007E7F0030 00003C (v01 VBOX   VBOXXSDT 00000001 ASL  00000061)
[    0.000000] ACPI: FACP 0x000000007E7F00F0 0000F4 (v04 VBOX   VBOXFACP 00000001 ASL  00000061)
[    0.000000] ACPI: DSDT 0x000000007E7F0470 0021FF (v02 VBOX   VBOXBIOS 00000002 INTL 20100528)
[    0.000000] ACPI: FACS 0x000000007E7F0200 000040
[    0.000000] ACPI: FACS 0x000000007E7F0200 000040
[    0.000000] ACPI: APIC 0x000000007E7F0240 000054 (v02 VBOX   VBOXAPIC 00000001 ASL  00000061)
[    0.000000] ACPI: SSDT 0x000000007E7F02A0 0001CC (v01 VBOX   VBOXCPUT 00000002 INTL 20100528)
[    0.000000] No NUMA configuration found
[    0.000000] Faking a node at [mem 0x0000000000000000-0x000000007e7effff]
[    0.000000] NODE_DATA(0) allocated [mem 0x7e7eb000-0x7e7effff]
[    0.000000] kvm-clock: Using msrs 4b564d01 and 4b564d00
[    0.000000] kvm-clock: cpu 0, msr 0:7e7e3001, primary cpu clock
[    0.000000] kvm-clock: using sched offset of 3052092912 cycles
[    0.000000] clocksource: kvm-clock: mask: 0xffffffffffffffff max_cycles: 0x1cd42e4dffb, max_idle_ns: 881590591483 ns
[    0.000000] Zone ranges:
[    0.000000]   DMA      [mem 0x0000000000001000-0x0000000000ffffff]
[    0.000000]   DMA32    [mem 0x0000000001000000-0x000000007e7effff]
[    0.000000]   Normal   empty
[    0.000000]   Device   empty
[    0.000000] Movable zone start  or each node
[    0.000000] Early memory node ranges
[    0.000000]   node   0: [mem 0x0000000000001000-0x000000000009efff]
[    0.000000]   node   0: [mem 0x0000000000100000-0x000000007e7effff]
[    0.000000] Initmem setup node 0 [mem 0x0000000000001000-0x000000007e7effff]
[    0.000000] ACPI: PM-Timer IO Port: 0x4008
[    0.000000] IOAPIC[0]: apic_id 1, version 32, address 0xfec00000, GSI 0-23
[    0.000000] ACPI: INT_SRC_OVR (bus 0 bus_irq 0 global_irq 2 dfl dfl)
[    0.000000] ACPI: INT_SRC_OVR (bus 0 bus_irq 9 global_irq 9 low level)
[    0.000000] Using ACPI (MADT) for SMP configuration information
[    0.000000] smpboot: Allowing 1 CPUs, 0 hotplug CPUs
[    0.000000] PM: Registered nosave memory: [mem 0x00000000-0x00000fff]
[    0.000000] PM: Registered nosave memory: [mem 0x0009f000-0x0009ffff]
[    0.000000] PM: Registered nosave memory: [mem 0x000a0000-0x000effff]
[    0.000000] PM: Registered nosave memory: [mem 0x000f0000-0x000fffff]
[    0.000000] e820: [mem 0x7e800000-0xfebfffff] available for PCI devices
[    0.000000] Booting paravirtualized kernel on KVM
[    0.000000] clocksource: refined-jiffies: mask: 0xffffffff max_cycles: 0xffffffff, max_idle_ns: 7645519600211568 ns
[    0.000000] setup_percpu: NR_CPUS:512 nr_cpumask_bits:512 nr_cpu_ids:1 nr_node_ids:1
[    0.000000] PERCPU: Embedded 34 pages/cpu @ffff88007e400000 s99544 r8192 d31528 u2097152
[    0.000000] PV qspinlock hash table entries: 256 (order: 0, 4096 bytes)
[    0.000000] Built 1 zonelists in Node order, mobility grouping on.  Total pages: 509912
[    0.000000] Policy zone: DMA32
[    0.000000] Kernel command line: BOOT_IMAGE=/boot/vmlinuz-4.4.0-127-generic root=LABEL=cloudimg-rootfs ro console=tty1 console=ttyS0
[    0.000000] PID hash table entries: 4096 (order: 3, 32768 bytes)
[    0.000000] Memory: 2009360K/2072120K available (8537K kernel code, 1313K rwdata, 4000K rodata, 1512K init, 1316K bss, 62760K reserved, 0K cma-reserved)
[    0.000000] SLUB: HWalign=64, Order=0-3, MinObjects=0, CPUs=1, Nodes=1
[    0.000000] Kernel/User page tables isolation: enabled
[    0.000000] Hierarchical RCU implementation.
[    0.000000] 	Build-time adjustment of leaf fanout to 64.
[    0.000000] 	RCU restricting CPUs from NR_CPUS=512 to nr_cpu_ids=1.
[    0.000000] RCU: Adjusting geometry for rcu_fanout_leaf=64, nr_cpu_ids=1
[    0.000000] NR_IRQS:33024 nr_irqs:256 16
[    0.000000] Console: colour VGA+ 80x25
[    0.000000] console [tty1] enabled
[    0.000000] console [ttyS0] enabled
[    0.000000] tsc: Detected 4200.004 MHz processor
[    2.321316] Calibrating delay loop (skipped) preset value.. 8400.00 BogoMIPS (lpj=16800016)
[    2.366578] pid_max: default: 32768 minimum: 301
[    2.371645] ACPI: Core revision 20150930
[    2.376244] ACPI: 2 ACPI AML tables successfully acquired and loaded
[    2.394848] Security Framework initialized
[    2.399734] Yama: becoming mindful.
[    2.414974] AppArmor: AppArmor initialized
[    2.426155] Dentry cache hash table entries: 262144 (order: 9, 2097152 bytes)
[    2.433003] Inode-cache hash table entries: 131072 (order: 8, 1048576 bytes)
[    2.450159] Mount-cache hash table entries: 4096 (order: 3, 32768 bytes)
[    2.485246] Mountpoint-cache hash table entries: 4096 (order: 3, 32768 bytes)
[    2.518020] Initializing cgroup subsys io
[    2.533149] Initializing cgroup subsys memory
[    2.555496] Initializing cgroup subsys devices
[    2.580899] Initializing cgroup subsys freezer
[    2.595223] Initializing cgroup subsys net_cls
[    2.619094] Initializing cgroup subsys perf_event
[    2.638175] Initializing cgroup subsys net_prio
[    2.657577] Initializing cgroup subsys hugetlb
[    2.680970] Initializing cgroup subsys pids
[    2.698436] CPU: Physical Processor ID: 0
[    2.714022] mce: CPU supports 0 MCE banks
[    2.725440] process: using mwait in idle threads
[    2.731633] Last level iTLB entries: 4KB 64, 2MB 8, 4MB 8
[    2.737977] Last level dTLB entries: 4KB 64, 2MB 0, 4MB 0, 1GB 4
[    2.742448] Spectre V2 : Mitigation: Full generic retpoline
[    2.745017] Spectre V2 : Speculation control IBPB not-supported IBRS not-supported
[    2.757798] Spectre V2 : Filling RSB on context switch
[    2.772713] Speculative SSore Bypass: Vulnerable
[    2.801502] Freeing SMP alternatives memory: 32K
[    2.833891] ftrace: allocating 32237 entries in 126 pages
[    2.895169] smpboot: APIC(0) Converting physical 0 to logical package 0
[    2.930342] smpboot: Max logical packages: 1
[    2.949949] x2apic enabled
[    2.963773] Switched APIC routing to physical x2apic.
[    2.983951] ..TIMER: vector=0x30 apic1=0 pin1=2 apic2=-1 pin2=-1
[    3.128689] smpboot: CPU0: Intel(R) Core(TM) i7-7700K CPU @ 4.20GHz (family: 0x6, model: 0x9e, stepping: 0x9)
[    3.183106] Performance Events: unsupported p6 CPU model 158 no PMU driver, software events only.
[    3.229235] KVM setup paravirtual spinlock
[    3.255742] x86: Booted up 1 node, 1 CPUs
[    3.281641] smpboot: Total of 1 processors activated (8400.00 BogoMIPS)
[    3.304433] devtmpfs: initialized
[    3.318115] evm: security.selinux
[    3.335391] evm: security.SMACK64
[    3.359289] evm: security.SMACK64EXEC
[    3.372171] evm: security.SMACK64TRANSMUTE
[    3.393385] evm: security.SMACK64MMAP
[    3.410986] evm: security.ima
[    3.427641] evm: security.capability
[    3.437010] clocksource: jiffies: mask: 0xffffffff max_cycles: 0xffffffff, max_idle_ns: 7645041785100000 ns
[    3.468408] futex hash table entries: 256 (order: 2, 16384 bytes)
[    3.499577] pinctrl core: initialized pinctrl subsystem
[    3.515287] RTC time:  0:26:11, date: 01/28/19
[    3.535599] NET: Registered protocol family 16
[    3.562018] cpuidle: using governor ladder
[    3.584438] cpuidle: using governor menu
[    3.618074] PCCT header not found.
[    3.634575] ACPI: bus type PCI registered
[    3.656006] acpiphp: ACPI Hot Plug PCI Controller Driver version: 0.5
[    3.685819] PCI: Using configuration type 1 for base access
[    3.709467] ACPI: Added _OSI(Module Device)
[    3.727800] ACPI: Added _OSI(Processor Device)
[    3.743537] ACPI: Added _OSI(3.0 _SCP Extensions)
[    3.777723] ACPI: Added _OSI(Processor Aggregator Device)
[    3.808044] ACPI: Executed 1 blocks of module-level executable AML code
[    3.847336] ACPI: Interpreter enabled
[    3.870774] ACPI: (supports S0 S5)
[    3.888852] ACPI: Using IOAPIC for interrupt routing
[    3.905804] PCI: Using host bridge windows from ACPI; if necessary, use "pci=nocrs" and report a bug
[    3.962193] ACPI: PCI RoottBridge [PCI0] (domain 0000 [bus 00-ff])
[    3.992899] acpi PNP0A03:00: _OSC: OS supports [ASPM ClockPM Segments MSI]
[    4.027010] acpi PNP0A03:00: _OSC: not requesting OS control; OS requires [ExtendedConfig ASPM ClockPM MSI]
[    4.085299] acpi PNP0A03:00: fail to add MMCONFIG information, ccn't access extended PCI configuration space under this bridge.
[    4.135346] PCI host bridge to bus 0000:00
[    4.149952] pci_bus 0000:00: root bus resource [io  0x0000-0x0cf7 window]
[    4.185715] pci_bus 0000:00: root bus resource [io  0x0d00-0xffff window]
[    4.223612] pci_bus 0000:00: root bus resource [mem 0x000a0000-0x000bffff window]
[    4.261482] pci_bus 0000:00: root bus resource [mem 0x7e800000-0xfdffffff window]
[    4.297606] pci_bus 0000:00: root bus resource [bus 00-ff]
[    4.310689] pci 0000:00:01.1: legacy IDE quirk: reg 0x10: [io  0x01f0-0x01f7]
[    4.358925] pci 0000:00:01.1: legacy IDE quirk: reg 0x14: [io  0x03f6]
[    4.384266] pci 0000:00:01.1: legacy IDE quirk: reg 0x18: [io  0x0170-0x0177]
[    4.417406] pci 0000:00:01.1: legacy IDE quirk: reg 0x1c: [io  0x0376]
[    4.465109] pci 0000:00:07.0: quirk: [io  0x4000-0x403f] claimed by PIIX4 ACPI
[    4.493963] pci 0000:00:07.0: quirk: [io  0x4100-0x410f] claimed by PIIX4 SMB
[    4.530095] ACPI: PCI Interrupt Link [LNKA] (IRQs 5 9 10 *11)
[    4.567894] ACPI: PCI Interrupt Link [LNKB] (IRQs 5 9 *10 11)
[    4.601032] ACPI: PCI Interrupt Link [LNKC] (IRQs 5 *9 10 11)
[    4.627385] ACPI: PCI Interrupt Link [LNKD] (IRQs 5 9 10 *11)
[    4.656721] ACPI: Enabled 2 GPEs in block 00 to 07
[    4.684864] vggarb: setting as boot device: PCI:0000:00:02.0
[    4.721824] vgaarb: device added: PCI:0000:00:02.0,decodes=io+mem,owns=io+mem,locks=none
[    4.767100] vgaarb: loaded
[    4.777620] vgaarb: bridge control possible 0000:00:02.0
[    4.807130] SCSI subsystem initialized
[    4.828394] ACPI: bus type USB registered
[    4.850802] usbcore: registered new interface driver usbfs
[    4.883011] usbcore: registered new interface driver hub
[    4.908523] usbcore: registered new device driver usb
[    4.930950] PCI: Using ACPI for IRQ routing
[    4.952246] NetLabel: Initializing
[    4.977245] NetLabel:  domain hash size = 128
[    4.994910] NetLabel:  protocols = UNLABELED CIPSOv4
[    5.015441] NetLabel:  unlabeled traffic allowed by default
[    5.048570] amd_nb: Cannot enumerate AMD northbridges
[    5.070955] clocksource: Switched to clocksource kvm-clock
[    5.102986] AppArmor: AppArmor Filesystem Enabled
[    5.143676] pnp: PnP ACPI init
[    5.152012] pnp: PnP ACPI: found 3 devices
[    5.177370] clocksource: acpi_pm: mask: 0xffffff max_cycles: 0xffffff, max_idle_ns: 2085701024 ns
[    5.219557] NET: Registered protocol family 2
[    5.241000] TCP established hash table entries: 16384 (order: 5, 131072 bytes)
[    5.281965] TCP bind hash table entries: 16384 (order: 6, 262144 bytes)
[    5.315430] TCP: Hash tables configured (established 16384 bind 16384)
[    5.321460] UDP hash table entries: 1024 (order: 3, 32768 bytes)
[    5.332507] UDP-Lite hash table entries: 1024 (order: 3, 32768 bytes)
[    5.371584] NET: Registered protocol family 1
[    5.393099] pci 0000:00:00.0: Limiting direct PCI/PCI transfers
[    5.422327] pci 0000:00:01.0: Activating ISA DMA hang workarounds
[    5.446890] Unpacking initramfs...
[    7.116487] Freeing initrd memory: 10912K
[    7.158216] platform rtc_cmos: registered platform RTC device (no PNP device found)
[    7.194580] Scanning for low memory corruption every 60 seconds
[    7.229636] audit: initializing netlink subsys (disabled)
[    7.257177] audit: type=2000 audit(1548635174.954:1): initialized
[    7.297566] Initialise system trusted keyring
[    7.315736] HugeTLB registered 2 MB page size, pre-allocated 0 pages
[    7.349912] zbud: loaded
[    7.364689] VFS: Disk quotas dquot_6.6.0
[    7.386994] VFS: Dquot-cache hash table entries: 512 (order 0, 4096 bytes)
[    7.423624] squashfs: version 4.0 (2009/01/31) Phillip Lougher
[    7.452081] fuse init (API version 7.23)
[    7.471010] Key type big_key registered
[    7.491905] Allocating IMA MOK and blacklist keyrings.
[    7.524304] Key type asymmetric registered
[    7.553923] Asymmetric key parser 'x509' registered
[    7.582283] Block layer SCSI generic (bsg) driver version 0.4 loaded (major 249)
[    7.628405] io scheduler noop registered
[    7.654512] io scheduler deadline registered (default)
[    7.682080] io scheduler cfq registered
[    7.709269] pci_hotplug: PCI Hot Plug PCI Core version: 0.5
[    7.740616] pciehp: PCI Express Hot Plug Controller Driver version: 0.4
[    7.775715] ACPI: AC Adapter [AC] (on-line)
[    7.797264] input: Power Button as /devices/LNXSYSTM:00/LNXPWRBN:00/input/input0
[    7.831339] ACPI: Power Button [PWRF]
[    7.845907] input: Sleep Button as /devices/LNXSYSTM:00/LNXSLPBN:00/input/input1
[    7.882197] ACPI: Sleep Button [SLPF]
[    7.891959] GHES: HEST is not enabled!
[    7.905370] Serial: 8250/16550 driver, 32 ports, IRQ sharing enabled
[    7.947975] 00:02: ttyS0 at I/O 0x3f8 (irq = 4, base_baud = 115200) is a 16550A
[    7.981515] Linux agpgart interface v0.103
[    7.990038] loop: module loaded
[    8.008181] scsi host0: ata_piix
[    8.021690] scsi host1: ata_piix
[    8.031244] ata1: PATA max UDMA/33 cmd 0x1f0 ctl 0x3f6 bmdma 0xd000 irq 14
[    8.072277] ata2: PATA max UDMA/33 cmd 0x170 ctl 0x376 bmdma 0xd008 irq 15
[    8.123805] libphy: Fixed MDIO Bus: probed
[    8.146408] tun: Universal TUN/TAP device driver, 1.6
[    8.176292] tun: (C) 1999-2004 Max Krasnyansky <maxk@qualcomm.com>
[    8.205160] tsc: Refined TSC clocksource calibration: 4200.040 MHz
[    8.242093] clocksource: tsc: mask: 0xffffffffffffffff max_cycles: 0x3c8a88e8583, max_idle_ns: 440795217764 ns
[    8.294177] PPP generic driver version 2.4.2
[    8.308115] ehci_hcd: USB 2.0 'Enhanced' Host Controller (EHCI) Driver
[    8.327323] ehci-pci: EHCI PCI platform driver
[    8.357791] ehci-platform: EHCI generic platform driver
[    8.376403] ohci_hcd: USB 1.1 'Open' Host Controller (OHCI) Driver
[    8.403111] ohci-pci: OHCI PCI platform driver
[    8.421272] ohci-platform: OHCI generic platform driver
[    8.449676] uhci_hcd: USB Universal Host Controller Interface driver
[    8.486679] i8042: PNP: PS/2 Controller [PNP0303:PS2K,PNP0f03:PS2M] at 0x60,0x64 irq 1,12
[    8.531152] serio: i8042 KBD port at 0x60,0x64 irq 1
[    8.558858] serio: i8042 AUX port at 0x60,0x64 irq 12
[    8.584022] mousedev: PS/2 mouse device common for all mice
[    8.625431] input: AT Translated Set 2 keyboard as /devices/platform/i8042/serio0/input/input2
[    8.674266] rtc_cmos rtc_cmos: rtc core: registered rtc_cmos as rtc0
[    8.701429] rtc_cmos rtc_cmos: alarms up to one day, 114 bytes nvram
[    8.736761] i2c /dev entries driver
[    8.745309] device-mapper: uevent: version 1.0.3
[    8.766813] device-mapper: ioctl: 4.34.0-ioctl (2015-10-28) initialised: dm-devel@redhat.com
[    8.823637] ledtrig-cpu: registered to indicate activity on CPUs
[    8.848949] NET: Registered protocol family 10
[    8.875165] NET: Registered protocol family 17
[    8.886765] Key type dns_resolver registered
[    8.913328] registered taskstats version 1
[    8.926934] Loading compiled-in X.509 certificates
[    8.952523] Loaded X.509 cert 'Build time autogenerated kernel key: 9f6f572a3ee0cb468eb8db4aa61815bc74ef6adb'
[    8.999426] zswap: loaded using pool lzo/zbud
[    9.022593] Key type trusted registered
[    9.050592] Key type encrypted registered
[    9.090756] AppArmor: AppArmor sha1 policy hashing enabled
[    9.126929] ima: No TPM chip found, activating TPM-bypass!
[    9.166034] evm: HMAC attrs: 0x1
[    9.182660]   Magic number: 3:444:406
[    9.193231] rtc_cmos rtc_cmos: setting system clock to 2019-01-28 00:26:17 UTC (1548635177)
[    9.227724] BIOS EDD facility v0.16 2004-Jun-25, 0 devices found
[    9.268425] EDD information not available.
[    9.279833] Freeing unused kernel memory: 1512K
[    9.302667] Write protecting the kernel read-only data: 14336k
[    9.327397] Freeing unused kernel memory: 1692K
[    9.355887] Freeing unused kernel memory: 96K
Loading, please [    9.401269] random: udevadm: uninitialized urandom read (16 bytes read, 5 bits of entropy available)
wait...
startin[    9.468315] random: systemd-udevd: uninitialized urandom read (16 bytes read, 5 bits of entropy available)
g version 229
[    9.542126] random: udevadm: uninitialized urandom read (16 bytes read, 7 bits of entropy available)
[    9.611976] random: systemd-udevd: uninitialized urandom read (16 bytes read, 7 bits of entropy available)
[    9.652277] random: systemd-udevd: uninitialized urandom read (16 bytes read, 7 bits of entropy available)
[    9.714159] random: udevadm: uninitialized urandom read (16 bytes read, 7 bits of entropy available)
[    9.760183] random: systemd-udevd: uninitialized urandom read (16 bytes read, 7 bits of entropy available)
[    9.785886] random: systemd-udevd: uninitialized urandom read (16 bytes read, 7 bits of entropy available)
[    9.811197] random: udevadm: uninitialized urandom read (16 bytes read, 7 bits of entropy available)
[    9.853392] random: systemd-udevd: uninitialized urandom read (16 bytes read, 7 bits of entropy available)
[    9.969843] e1000: Intel(R) PRO/1000 Network Driver - version 7.3.21-k8-NAPI
[   10.003595] e1000: Copyright (c) 1999-2006 Intel Corporation.
[   10.029240] Fusion MPT base driver 3.04.20
[   10.055155] Copyright (c) 1999-2008 LSI Corporation
[   10.104883] AVX2 version of gcm_enc/dec engaged.
[   10.133286] AES CTR mode by8 optimization enabled
[   10.202967] Fusion MPT SPI Host driver 3.04.20
[   10.295531] input: ImExPS/2 Generic Explorer Mouse as /devices/platform/i8042/serio1/input/input4
[   10.618759] e1000 0000:00:03.0 eth0: (PCI:33MHz:32-bit) 02:4c:6a:c3:d3:7f
[   10.679868] e1000 0000:00:03.0 eth0: Intel(R) PRO/1000 Network Connection
[   10.727157] mptbase: ioc0: Initiating bringup
[   10.819754] ioc0: LSI53C1030 A0: Capabilities={Initiator}
[   11.020283] scsi host2: ioc0: LSI53C1030 A0, FwRev=00000000h, Ports=1, MaxQ=256, IRQ=20
[   11.200328] scsi 2:0:0:0: Direct-Access     VBOX     HARDDISK         1.0  PQ: 0 ANSI: 5
[   11.243951] scsi target2:0:0: Beginning Domain Validation
[   11.300011] scsi target2:0:0: Domain Validation skipping write tests
[   11.330602] scsi target2:0:0: Ending Domain Validation
[   11.408879] scsi target2:0:0: asynchronous
[   11.459776] scsi 2:0:1:0: Direct-Access     VBOX     HARDDISK         1.0  PQ: 0 ANSI: 5
[   11.553548] scsi target2:0:1: Beginning Domain Validation
[   11.688110] scsi target2:0:1: Domain Validation skipping write tests
[   11.736635] scsi target2:0:1: Ending Domain Validation
[   11.767908] scsi target2:0:1: asynchronous
[   11.790442] sd 2:0:0:0: Attached scsi generic sg0 type 0
[   11.837894] sd 2:0:0:0: [sda] 20971520 512-byte logical blocks: (10.7 GB/10.0 GiB)
[   11.890333] e1000 0000:00:08.0 eth1: (PCI:33MHz:32-bit) 08:00:27:92:6f:35
[   11.936345] e1000 0000:00:08.0 eth1: Intel(R) PRO/1000 Network Connection
[   11.968890] sd 220:0:0: [sda] Write Protect is off
[   11.996227] sd 2:0:1:0: [sdb] 20480 512-byte logical blocks: (10.5 MB/10.0 MiB)
[   12.032413] sd 2:0:1:0: Attached scsi generic sg1 type 0
[   12.069511] sd 2:0:0:0: [sda] Incomplete mode parameter data
[   12.117067] sd 2:0:0:0: [sda] Assuming drive cache: write through
[   12.154236] sd 2:0:1:0: [sdb] Write Protect is off
[   12.182478] e1000 0000:00:08.0 enp0s8: renamed from eth1
[   12.212960] sd 2:0:1:0: [sdb] Incomplete mode parameter data
[   12.262506] sd 2:0:1:0: [sdb] Assuming drive cache: write through
[   12.284097] e1000 0000:00:03.0 enp0s3: renamed from eth0
[   12.331526]  sda: sda1
[   12.358673] sd 2:0:0:0: [sda] Attached SCSI disk
[   12.381730] sd 2:0:1:0: [sdb] Attached SCSI disk
Begin: Loading e[   13.678666] md: linear personality registered for level -1
ssential drivers[   13.721423] md: multipath personality registered for level -4
 ... [   13.775560] md: raid0 personality registered for level 0
[   13.815484] md: raid1 personality registered for level 1
[   13.919101] raid6: sse2x1   gen() 15645 MB/s
[   14.019169] raid6: sse2x1   xor() 11640 MB/s
[   14.123112] raid6: sse2x2   gen() 18437 MB/s
[   14.219236] raid6: sse2x2   xor() 13316 MB/s
[   14.307082] raid6: sse2x4   gen() 21846 MB/s
[   14.395415] raid6: sse2x4   xor() 14710 MB/s
[   14.487151] raid6: avx2x1   gen() 30396 MB/s
[   14.587259] raid6: avx2x2   gen() 34550 MB/s
[   14.683913] raid6: avx2x4   gen() 38582 MB/s
[   14.712017] raid6: using algorithm avx2x4 gen() 38582 MB/s
[   14.749176] raid6: using avx2x2 recovery algorithm
[   14.780274] xor: automatically using best checksumming function:
[   14.855301]    avx       : 26018.000 MB/sec
[   14.885589] async_tx: api initialized (async)
[   14.927272] md: raid6 personality registered for level 6
[   14.952321] md: raid5 personality registered for level 5
[   14.987905] md: raid4 personality registered for level 4
[   15.025240] md: raid10 personality registered for level 10
done.
Begin: Running /scripts/init-p[   15.083914] Btrfs loaded
remount ... done.
Begin: Mounting root file system ... Begin: Running /scripts/local-top ... done.
Begin: Running /scripts/loc[   15.176596] EXT4-fs (sda1): mounted filesystem with ordered data mode. Opts: (null)
al-premount ... Scanning for Btrfs filesystems
done.
Warning: fsck not present, so skipping root file system
done.
Begin: Running /scripts/local-bottom ... done.
Begin: Running /scripts/init-bottom ... done.
[   15.527506] systemd[1]: systemd 229 running in system mode. (+PAM +AUDIT +SELINUX +IMA +APPARMOR +SMACK +SYSVINIT +UTMP +LIBCRYPTSETUP +GCRYPT +GNUTLS +ACL +XZ -LZ4 +SECCOMP +BLKID +ELFUTILS +KMOD -IDN)
[   15.652884] systemd[1]: Detected virtualization oracle.
[   15.678821] systemd[1]: Detected architecture x86-64.

Welcome to [1mUbuntu 16.04.4 LTS[0m!

[   15.774282] systemd[1]: Set hostname to <ubuntu>.
[   15.824169] systemd[1]: Initializing machine ID from random generator.
[   15.864434] systemd[1]: Installed transient /etc/machine-id file.
[   16.027217] random: nonblocking pool is initialized
[   16.282357] systemd[1]: Reached target User and Group Name Lookups.
[[0;32m  OK  [0m] Reached target User and Group Name Lookups.
[   16.395477] systemd[1]: Listening on LVM2 poll daemon socket.
[[0;32m  OK  [0m] Listening on LVM2 poll daemon socket.
[   16.499415] systemd[1]: Reached target Encrypted Volumes.
[[0;32m  OK  [0m] Reached target Encrypted Volumes.
[   16.603870] systemd[1]: Listening on LVM2 metadata daemon socket.
[[0;32m  OK  [0m] Listening on LVM2 metadata daemon socket.
[   16.719979] systemd[1]: Reached target Swap.
[[0;32m  OK  [0m] Reached target Swap.
[   16.800278] systemd[1]: Created slice System Slice.
[[0;32m  OK  [0m] Created slice System Slice.
[   16.884004] systemd[1]: Listening on Syslog Socket.
[[0;32m  OK  [0m] Listening on Syslog Socket.
[   16.971829] systemd[1]: Started Forward Password Requests to Wall Directory Watch.
[[0;32m  OK  [0m] Started Forward Password Requests to Wall Directory Watch.
[   17.107493] systemd[1]: Listening on /dev/initctl Compatibility Named Pipe.
[[0;32m  OK  [0m] Listening on /dev/initctl Compatibility Named Pipe.
[   17.227543] systemd[1]: Listening on udev Kernel Socket.
[[0;32m  OK  [0m] Listening on udev Kernel Socket.
[   17.303670] systemd[1]: Listening on Device-mapper event daemon FIFOs.
[[0;32m  OK  [0m] Listening on Device-mapper event daemon FIFOs.
[   17.399342] systemd[1]: Listening on Journal Audit Socket.
[[0;32m  OK  [0m] Listening on Journal Audit Socket.
[   17.507134] systemd[1]: Started Trigger resolvconf update for networkd DNS.
[[0;32m  OK  [0m] Started Trigger resolvconf update for networkd DNS.
[   17.635725] systemd[1]: Created slice User and Session Slice.
[[0;32m  OK  [0m] Created slice User and Session Slice.
[   17.739735] systemd[1]: Created slice system-serial\x2dgetty.slice.
[[0;32m  OK  [0m] Created slice system-serial\x2dgetty.slice.
[   17.851236] systemd[1]: Reached target System Time Synchronized.
[[0;32m  OK  [0m] Reached target System Time Synchronized.
[   17.964023] systemd[1]: Listening on Journal Socket (/dev/log).
[[0;32m  OK  [0m] Listening on Journal Socket (/dev/log).
[   18.064073] systemd[1]: Listening on udev Control Socket.
[[0;32m  OK  [0m] Listening on udev Control Socket.
[   18.155339] systemd[1]: Listening on Journal Socket.
[[0;32m  OK  [0m] Listening on Journal Socket.
[   18.227619] systemd[1]: Mounting Debug File System...
         Mounting Debug File System...
[   18.280404] systemd[1]: Starting Journal Service...
         Starting Journal Service...
[   18.319703] systemd[1]: Starting Uncomplicated firewall...
         Starting Uncomplicated firewall...
[   18.412020] systemd[1]: Starting Create list of required static device nodes for the current kernel...
         Starting Create list of required st... nodes for the current kernel...
[   18.520338] systemd[1]: Mounting POSIX Message Queue File System...
         Mounting POSIX Message Queue File System...
[   18.627692] systemd[1]: Starting Monitoring of LVM2 mirrors, snapshots etc. using dmeventd or progress polling...
         Starting Monitoring of LVM2 mirrors... dmeventd or progress polling...
[   18.755587] systemd[1]: Mounting Huge Pages File System...
         Mounting Huge Pages File System...
[   18.836122] systemd[1]: Starting Load Kernel Modules...
         Starting Load Kernel Modules...[   18.899195] Loading iSCSI transport class v2.0-870.

[   18.947665] systemd[1]: Starting Nameserver information manager...
         Starting Nameser[   19.017125] iscsi: registered transport (tcp)
ver information manager...
[   19.092275] systemd[1]: Starting Set console keymap...
         Starting Set console keymap...
[   19.156769] iscsi: registered transport (iser)
[   19.187741] systemd[1]: Starting Remount Root and Kernel File Systems...
         [   19.285788] EXT4-fs (sda1): re-mounted. Opts: (null)
Starting Remount Root and Kernel File Systems...
[   19.367314] systemd[1]: Set up automount Arbitrary Executable File Formats File System Automount Point.
[[0;32m  OK  [0m] Set up automount Arbitrary Executab...ats File System Automount Point.
[   19.535905] systemd[1]: Reached target Slices.
[[0;32m  OK  [0m] Reached target Slices.
[   19.621285] systemd[1]: Mounted POSIX Message Queue File System.
[[0;32m  OK  [0m] Mounted POSIX Message Queue File System.
[   19.715119] systemd[1]: Mounted Huge Pages File System.
[[0;32m  OK  [0m] Mounted Huge Pages File System.
[   19.815172] systemd[1]: Mounted Debug File System.
[[0;32m  OK  [0m] Mounted Debug File System.
[   19.891877] systemd[1]: Started Journal Service.
[[0;32m  OK  [0m] Started Journal Service.
[[0;32m  OK  [0m] Started Uncomplicated firewall.
[[0;32m  OK  [0m] Started Create list of required sta...ce nodes for the current kernel.
[[0;32m  OK  [0m] Started Load Kernel Modules.
[[0;32m  OK  [0m] Started Set console keymap.
[[0;32m  OK  [0m] Started Remount Root and Kernel File Systems.
[[0;32m  OK  [0m] Started Nameserver information manager.
[[0;32m  OK  [0m] Started LVM2 metadata daemon.
         Starting Load/Save Random Seed...
         Starting udev Coldplug all Devices...
         Mounting FUSE Control File System...
         Starting Apply Kernel Variables...
         Starting Create Static Device Nodes in /dev...
         Starting Flush Journal to Persistent Storage...
[[0;32m  OK  [0m] Mounted FUSE Control File System.
[[0;32m  OK  [0m] Started Monitoring of LVM2 mirrors,...ng dmeventd or progress polling.
[[0;32m  OK  [0m] Started Load/Save Random Seed.
[[0;32m  OK  [0m] Started Apply Kernel Variables.
[[0;32m  OK  [0m] Started Create Static Device Nodes in /dev.
[[0;32m  OK  [0m] Started udev Coldplug all Devices.
[[0;32m  OK  [0m] Started Flush Journal to Persistent Storage.
         Starting udev Kernel Device Manager...
[[0;32m  OK  [0m] Started udev Kernel Device Manager.
[[0;32m  OK  [0m] Started Dispatch Password Requests to Console Directory Watch.
[[0;32m  OK  [0m] Reached target Local File Systems (Pre).
[[0;32m  OK  [0m] Reached target Local File Systems.
         Starting Set console font and keymap...
         Starting Create Volatile Files and Directories...
         Starting Commit a transient machine-id on disk...
         Starting Initial cloud-init job (pre-networking)...
         Starting LSB: AppArmor initialization...
         Starting Tell Plymouth To Write Out Runtime Data...
[[0;32m  OK  [0m] Started Create Volatile Files and Directories.
[[0;32m  OK  [0m] Started Commit a transient machine-id on disk.
[[0;32m  OK  [0m] Started Tell Plymouth To Write Out Runtime Data.
[[0;32m  OK  [0m] Found device /dev/ttyS0.
         Starting Update UTMP about System Boot/Shutdown...
[[0;32m  OK  [0m] Started Update UTMP about System Boot/Shutdown.
[[0;32m  OK  [0m] Listening on Load/Save RF Kill Switch Status /dev/rfkill Watch.
[   19.880226] cloud-init[544]: Cloud-init v. 18.2 running 'init-local' at Mon, 28 Jan 2019 00:26:32 +0000. Up 19.28 seconds.
[[0;32m  OK  [0m] Started Set console font and keymap.
[[0;32m  OK  [0m] Created slice system-getty.slice.
[[0;32m  OK  [0m] Started Initial cloud-init job (pre-networking).
[[0;32m  OK  [0m] Reached target Network (Pre).
[[0;32m  OK  [0m] Started LSB: AppArmor initialization.
         Starting Raise network interfaces...
[[0;32m  OK  [0m] Started Raise network interfaces.
[[0;32m  OK  [0m] Reached target Network.
         Starting Initial cloud-init job (metadata service crawler)...
[   24.701121] cloud-init[973]: Cloud-init v. 18.2 running 'init' at Mon, 28 Jan 2019 00:26:36 +0000. Up 23.79 seconds.
[   24.837245] cloud-init[973]: ci-info: ++++++++++++++++++++++++++++++++++++++Net device info++++++++++++++++++++++++++++++++++++++
[[0;32m  OK  [0m] Started Initial cloud-init job (metadata service crawler).
[[0;32m  OK  [0m] Reached target Cloud-config availability.
[   24.978229] cloud-init[973]: ci-info: +--------+-------+----------------------------+---------------+-------+-------------------+
[   25.285017] cloud-init[973]: ci-info: | Device |   Up  |          Address           |      Mask     | Scope |     Hw-Address    |
[[0;32m  OK  [0m] Reached target System Initialization.
[[0;32m  OK  [0m] Started Daily Cleanup of Temporary Directories.
[   25.434492] cloud-init[973]: ci-info: +--------+-------+----------------------------+---------------+-------+-------------------+
[   25.733060] cloud-init[973]: ci-info: | enp0s3 |  True |         10.0.2.15          | 255.255.255.0 |   .   | 02:4c:6a:c3:d3:7f |
[[0;32m  OK  [0m] Listening on D-Bus System Message Bus Socket.
[   25.874183] cloud-init[973]: ci-info: | enp0s3 |  True | fe80::4c:6aff:fec3:d37f/64 |       .       |  link | 02:4c:6a:c3:d3:7f |
[   26.088381] cloud-init[973]: ci-info: | enp0s8 | False |             .              |       .       |   .   | 08:00:27:92:6f:35 |
[   26.244169] cloud-init[973]: ci-info: |   lo   |  True |         127.0.0.1          |   255.0.0.0   |   .   |         .         |
[   26.380746] cloud-init[973]: ci-info: |   lo   |  True |          ::1/128           |       .       |  host |         .         |
         Starting LXD - unix socket.
[[0;32m  OK  [0m] Started Daily apt download activities.
[   26.534206] cloud-init[973]: ci-info: +--------+-------+----------------------------+---------------+-------+-------------------+
[   26.780938] cloud-init[973]: ci-info: +++++++++++++++++++++++++++Route IPv4 info++++++++++++++++++++++++++++
[[0;32m  OK  [0m] Listening on UUID daemon activation socket.
         Starting Socket activation for snappy daemon.
[   26.898636] cloud-init[973]: ci-info: +-------+-------------+----------+---------------+-----------+-------+
[   27.156701] cloud-init[973]: ci-info: | Route | Destination | Gateway  |    Genmask    | Interface | Flags |
[[0;32m  OK  [0m] Listening on ACPID Listen Socket.
[   27.286090] cloud-init[973]: ci-info: +-------+-------------+----------+---------------+-----------+-------+
[   27.476845] cloud-init[973]: ci-info: |   0   |   0.0.0.0   | 10.0.2.2 |    0.0.0.0    |   enp0s3  |   UG  |
[   27.604688] cloud-init[973]: ci-info: |   1   |   10.0.2.0  | 0.0.0.0  | 255.255.255.0 |   enp0s3  |   U   |
[[0;32m  OK  [0m] Started ACPI Events Check.
[[0;32m  OK  [0m] Reached target Paths.
[   27.658217] cloud-init[973]: ci-info: +-------+-------------+----------+---------------+-----------+-------+
[   27.848556] cloud-init[973]: Generating public/private rsa key pair.
[[0;32m  OK  [0m] Started Daily apt upgrade and clean activities.
[[0;32m  OK  [0m] Reached target Timers.
[   27.890554] cloud-init[973]: Your identification has been saved in /etc/ssh/ssh_host_rsa_key.
[   28.140565] cloud-init[973]: Your public key has been saved in /etc/ssh/ssh_host_rsa_key.pub.
[[0;32m  OK  [0m] Reached target Network is Online.
         Starting iSCSI initiator daemon (iscsid)...
[[0;32m  OK  [0m] Listening on LXD - unix socket.
[   28.246023] cloud-init[973]: The key fingerprint is:
[   28.500234] cloud-init[973]: SHA256:/MU8VtgnZKjoRrskwyT/LBMQ3IQ4n3kP6yr7hJNxX08 root@ubuntu-xenial
[[0;32m  OK  [0m] Listening on Socket activation for snappy daemon.
[   28.613872] cloud-init[973]: The key's randomart image is:
[   28.772540] cloud-init[973]: +---[RSA 2048]----+
[   28.848731] cloud-init[973]: |   o +.      .o  |
[   28.900901] cloud-init[973]: |  o + .     .=   |
[   28.964338] cloud-init[973]: |   o +   . .. + .|
[   29.024381] cloud-init[973]: |    * +.o .o . o |
[[0;32m  OK  [0m] Reached target Sockets.
[[0;32m  OK  [0m] Reached target Basic System.
[   29.082164] cloud-init[973]: |  . .B *S.E *    |
         Starting Virtualbox guest utils...
         Starting LSB: MD monitoring daemon...
         Starting LSB: Record successful boot for GRUB...
         Starting System Logging Service...
[[0;32m  OK  [0m] Started FUSE filesystem for LXC.
         Starting Apply the settings specified in cloud-config...
         Starting /etc/rc.local Compatibility...
[   29.223470] cloud-init[973]: |   = .B.*+ o .   |
         Starting Snappy daemon...
[[0;32m  OK  [0m] Started Deferred execution scheduler.
         Starting Accounts Service...
[   29.628026] cloud-init[973]: |  + ...O .o      |
[[0;32m  OK  [0m] Started ACPI event daemon.
         Starting Login Service...
[   29.779687] cloud-init[973]: |  .o  + +        |
         Starting Pollinate to seed the pseudo random number generator...
[   29.887705] cloud-init[973]: |  .+o. o         |
[[   29.976158] cloud-init[973]: +----[SHA256]-----+
[   29.976335] cloud-init[973]: Generating public/private dsa key pair.
[   29.976373] cloud-init[973]: Your identification has been saved in /etc/ssh/ssh_host_dsa_key.
[   29.976414] cloud-init[973]: Your public key has been saved in /etc/ssh/ssh_host_dsa_key.pub.
[   29.976461] cloud-init[973]: The key fingerprint is:
[   29.976500] cloud-init[973]: SHA256:smCbJpoEwKzXMN3+beBUxsKN4C6ZiCtT7VrDNHpBdgo root@ubuntu-xenial
[   29.976537] cloud-init[973]: The key's randomart image is:
[   29.976578] cloud-init[973]: +---[DSA 1024]----+
[   29.976643] cloud-init[973]: |      .          |
[   29.976681] cloud-init[973]: |o  . o o +       |
[   29.976717] cloud-init[973]: |.oE + + + =      |
[   29.976755] cloud-init[973]: |o. X B   +       |
[   29.976792] cloud-init[973]: |+ + & + S        |
[   29.976827] cloud-init[973]: |.+ * B * o       |
[   29.976864] cloud-init[973]: |+.o X . o o      |
[   29.976922] cloud-init[973]: |o+ * .   .       |
[   29.976979] cloud-init[973]: |o .              |
[   29.977017] cloud-init[973]: +----[SHA256]-----+
[   29.977053] cloud-init[973]: Generating public/private ecdsa key pair.
[   29.977089] cloud-init[973]: Your identification has been saved in /etc/ssh/ssh_host_ecdsa_key.
[   29.977125] cloud-init[973]: Your public key has been saved in /etc/ssh/ssh_host_ecdsa_key.pub.
[   29.977162] cloud-init[973]: The key fingerprint is:
[   29.977199] cloud-init[973]: SHA256:0TFyj8TKDzswg6oxuVRHEWtElUGIrmDhExYXP9b6VCU root@ubuntu-xenial
[   29.977235] cloud-init[973]: The key's randomart image is:
[   29.977271] cloud-init[973]: +---[ECDSA 256]---+
[   29.977307] cloud-init[973]: | ..o+=*++E=.     |
[   29.977343] cloud-init[973]: | +..ooo. =+=     |
[   29.977378] cloud-init[973]: |o + .B o.oo .    |
[   29.977414] cloud-init[973]: |.+ o+.* =.       |
[   29.977450] cloud-init[973]: |o.+... =S+       |
[   29.977486] cloud-init[973]: |+o.   o o .      |
[   29.977522] cloud-init[973]: |.=     . .       |
[   29.977558] cloud-init[973]: |o                |
[   29.977595] cloud-init[973]: |                 |
[   29.977632] cloud-init[973]: +----[SHA256]-----+
[   29.977668] cloud-init[973]: Generating public/private ed25519 key pair.
[   29.977704] cloud-init[973]: Your identification has been saved in /etc/ssh/ssh_host_ed25519_key.
[   29.977740] cloud-init[973]: Your public key has been saved in /etc/ssh/ssh_host_ed25519_key.pub.
[   29.977776] cloud-init[973]: The key fingerprint is:
[   29.977811] cloud-init[973]: SHA256:SMvK5GUt8W688q9pg5E4n3uZQs0iCRDn40nlqOyNd4g root@ubuntu-xenial
[   29.977847] cloud-init[973]: The key's randomart image is:
[   29.977883] cloud-init[973]: +--[ED25519 256]--+
[   29.977930] cloud-init[973]: |... .            |
[   29.977970] cloud-init[973]: |.o +             |
[   29.978006] cloud-init[973]: | .= . o          |
[   29.978042] cloud-init[973]: |.+.o o *         |
[   29.978080] cloud-init[973]: |..o..oB+S        |
[   29.978115] cloud-init[973]: |. ++*+=+o        |
[   29.978152] cloud-init[973]: | E ++* =+o       |
[   29.978188] cloud-init[973]: |  . . *.*o       |
[   29.978488] cloud-init[973]: |      .B=+.      |
[   29.978529] cloud-init[973]: +----[SHA256]-----+
[0;32m  OK  [0m] Started Regular background program processing daemon.
[[0;32m  OK  [0m] Started D-Bus System Message Bus.
[   30.168685] cloud-init[1103]: Generating locales (this might take a while)...
[[0;32m  OK  [0m] Started Unattended Upgrades Shutdown.
         Starting LXD - container startup/shutdown...
[[0;32m  OK  [0m] Started System Logging Service.
[[0;32m  OK  [0m] Started Snappy daemon.
[[0;32m  OK  [0m] Started iSCSI initiator daemon (iscsid).
[[0;32m  OK  [0m] Started Apply the settings specified in cloud-config.
[[0;32m  OK  [0m] Started /etc/rc.local Compatibility.
[[0;32m  OK  [0m] Started Pollinate to seed the pseudo random number generator.
[   32.756771] cloud-init[1103]:   en_US.UTF-8... done
[   33.068379] cloud-init[1103]: Generation complete.
[   33.068430] cloud-init[1103]: Cloud-init v. 18.2 running 'modules:config' at Mon, 28 Jan 2019 00:26:42 +0000. Up 29.75 seconds.
[[0;32m  OK  [0m] Started LXD - container startup/shutdown.
[[0;32m  OK  [0m] Started LSB: MD monitoring daemon.
[[0;32m  OK  [0m] Started LSB: Record successful boot for GRUB.
[[0;32m  OK  [0m] Started Virtualbox guest utils.
[[0;32m  OK  [0m] Started Login Service.
         Starting Authenticate and Authorize Users to Run Privileged Tasks...
         Starting OpenBSD Secure Shell server...
         Starting Login to default iSCSI targets...
         Starting Wait until snapd is fully seeded...
[[0;32m  OK  [0m] Started OpenBSD Secure Shell server.
[[0;32m  OK  [0m] Started Authenticate and Authorize Users to Run Privileged Tasks.
[[0;32m  OK  [0m] Started Accounts Service.
[[0;32m  OK  [0m] Started Login to default iSCSI targets.
[[0;32m  OK  [0m] Reached target Remote File Systems (Pre).
[[0;32m  OK  [0m] Reached target Remote File Systems.
         Starting LSB: automatic crash report generation...
         Starting Permit User Sessions...
         Starting LSB: daemon to balance interrupts for SMP systems...
         Starting LSB: Set the CPU Frequency Scaling governor to "ondemand"...
[[0;32m  OK  [0m] Started Permit User Sessions.
[[0;32m  OK  [0m] Started LSB: automatic crash report generation.
[[0;32m  OK  [0m] Started LSB: Set the CPU Frequency Scaling governor to "ondemand".
[[0;32m  OK  [0m] Started LSB: daemon to balance interrupts for SMP systems.
         Starting Hold until boot process finishes up...
         Starting Terminate Plymouth Boot Screen...
[[0;32m  OK  [0m] Started Hold until boot process finishes up.
[[0;32m  OK  [0m] Started Terminate Plymouth Boot Screen.
         Starting Set console scheme...
[[0;32m  OK  [0m] Started Serial Getty on ttyS0.
[[0;32m  OK  [0m] Started Getty on tty1.
[[0;32m  OK  [0m] Reached target Login Prompts.
[[0;32m  OK  [0m] Started Set console scheme.
[[0;32m  OK  [0m] Created slice User Slice of vagrant.
         Starting User Manager for UID 1000...
[[0;32m  OK  [0m] Started User Manager for UID 1000.
[[0;32m  OK  [0m] Started Session 1 of user vagrant.
[[0;32m  OK  [0m] Started Wait until snapd is fully seeded.
[[0;32m  OK  [0m] Reached target Multi-User System.
[[0;32m  OK  [0m] Reached target Graphical Interface.
         Starting Update UTMP about System Runlevel Changes...
         Starting Execute cloud user/final scripts...
[[0;32m  OK  [0m] Started Update UTMP about System Runlevel Changes.
ci-info: no authorized ssh keys fingerprints found for user ubuntu.
<14>Jan 28 00:26:50 ec2: 
<14>Jan 28 00:26:50 ec2: #############################################################
<14>Jan 28 00:26:50 ec2: -----BEGIN SSH HOST KEY FINGERPRINTS-----
<14>Jan 28 00:26:50 ec2: 1024 SHA256:smCbJpoEwKzXMN3+beBUxsKN4C6ZiCtT7VrDNHpBdgo root@ubuntu-xenial (DSA)
<14>Jan 28 00:26:50 ec2: 256 SHA256:0TFyj8TKDzswg6oxuVRHEWtElUGIrmDhExYXP9b6VCU root@ubuntu-xenial (ECDSA)
<14>Jan 28 00:26:50 ec2: 256 SHA256:SMvK5GUt8W688q9pg5E4n3uZQs0iCRDn40nlqOyNd4g root@ubuntu-xenial (ED25519)
<14>Jan 28 00:26:50 ec2: 2048 SHA256:/MU8VtgnZKjoRrskwyT/LBMQ3IQ4n3kP6yr7hJNxX08 root@ubuntu-xenial (RSA)
<14>Jan 28 00:26:50 ec2: -----END SSH HOST KEY FINGERPRINTS-----
<14>Jan 28 00:26:50 ec2: #############################################################
-----BEGIN SSH HOST KEY KEYS-----
ecdsa-sha2-nistp256 AAAAE2VjZHNhLXNoYTItbmlzdHAyNTYAAAAIbmlzdHAyNTYAAABBBCFkzu1k1vtD9ANwrDwltingkH7914+GsbRSHjKPI/VsAm3mBFR8huCl4JDlba4sKHacWzWI0nAUdhsPorrFAGI= root@ubuntu-xenial
ssh-ed25519 AAAAC3NzaC1lZDI1NTE5AAAAIKP5OYXJTqhpsyT1ViqmGem1PaeqmDgyUbyQ0pbwtgkw root@ubuntu-xenial
ssh-rsa AAAAB3NzaC1yc2EAAAADAQABAAABAQDgkqML0kvsyDDFGbvXVQfzJhKYfLK10R3nChZoYrzAeIoqhixHEkCKQiSUUlLQ6Q7GnExweSm1VJTL6y2xwOVGz0LO6FpQ4tvNyD3x9yCDHDBhNznnmackMpO7WPJnNRrUHywKt2NqhfmjRvwmsXe/VpkjxkNDOLZpxxW3HaaSYORj5LZ3CM/JgZ+jIv8d4blJnUXxPCb/3wWII4jvxFGtwQrA2GbQ56peol9VyyMq1U8V94A41ZqzsezfUte40frFa5XFBbAXSXFQj0aNrwmDFZXZsP8ZcjEfZm64nbEEsA/8Y47e3RFKtYO8yuLcEwvfrihyyD2NwnM4/+QCt9YB root@ubuntu-xenial
-----END SSH HOST KEY KEYS-----
         Stopping User Manager for UID 1000...
[[0;32m  OK  [0m] Stopped User Manager for UID 1000.
[   39.181200] cloud-init[1524]: Cloud-init v. 18.2 running 'modules:final' at Mon, 28 Jan 2019 00:26:50 +0000. Up 37.37 seconds.
[   39.404571] cloud-init[1524]: ci-info: no authorized ssh keys fingerprints found for user ubuntu.
[[0;32m  OK  [0m] Started Execute cloud user/final scripts.
[   39.458285] cloud-init[1524]: Cloud-init v. 18.2 finished at Mon, 28 Jan 2019 00:26:51 +0000. Datasource DataSourceNoCloud [seed=/dev/sdb][dsmode=net].  Up 39.17 seconds
[[0;32m  OK  [0m] Removed slice User Slice of vagrant.
[[0;32m  OK  [0m] Reached target Cloud-init target.

Ubuntu 16.04.4 LTS ubuntu-xenial ttyS0

ubuntu-xenial login: 